
Allocating common symbols
Common symbol       size              file

g_bss_var           0x3               main.o

Memory Configuration

Name             Origin             Length             Attributes
flash            0x08000000         0x00020000         xr
sram             0x20000000         0x00005000         xrw
*default*        0x00000000         0xffffffff

Linker script and memory map


.text           0x08000000      0x198
 *(.vectors*)
 .vectors       0x08000000       0x1c startup.o
                0x08000000                vectors
 *(.text*)
 .text          0x0800001c       0xc0 main.o
                0x0800001c                NMI_Handler
                0x08000028                Bus_Fault
                0x08000034                main
 .text          0x080000dc       0xbc startup.o
                0x080000dc                H_Fault_Handler
                0x080000dc                MM_Fault_Handler
                0x080000dc                Usage_Fault
                0x080000dc                Defualt_Handler
                0x080000e8                Reset_Handler
 *(.rodata)
                0x08000198                _E_text = .

.glue_7         0x08000198        0x0
 .glue_7        0x00000000        0x0 linker stubs

.glue_7t        0x08000198        0x0
 .glue_7t       0x00000000        0x0 linker stubs

.vfp11_veneer   0x08000198        0x0
 .vfp11_veneer  0x00000000        0x0 linker stubs

.v4_bx          0x08000198        0x0
 .v4_bx         0x00000000        0x0 linker stubs

.iplt           0x08000198        0x0
 .iplt          0x00000000        0x0 main.o

.rel.dyn        0x08000198        0x0
 .rel.iplt      0x00000000        0x0 main.o

.data           0x20000000        0x8 load address 0x08000198
                0x20000000                _S_data = .
 *(.data)
 .data          0x20000000        0x8 main.o
                0x20000000                R_ODR
                0x20000004                const_var
 .data          0x20000008        0x0 startup.o
                0x20000008                _E_data = .

.igot.plt       0x20000008        0x0 load address 0x080001a0
 .igot.plt      0x00000000        0x0 main.o

.bss            0x20000008     0x1003 load address 0x080001a0
                0x20000008                _S_bss = .
 *(.bss*)
 .bss           0x20000008        0x0 main.o
 .bss           0x20000008        0x0 startup.o
                0x20000008                . = ALIGN (0x4)
                0x20000008                _E_bss = .
                0x20000008                . = ALIGN (0x4)
                0x20001008                . = (. + 0x1000)
 *fill*         0x20000008     0x1000 
                0x20001008                _stack_top = .
 COMMON         0x20001008        0x3 main.o
                0x20001008                g_bss_var
LOAD main.o
LOAD startup.o
OUTPUT(Orabi_Cortex_M3.elf elf32-littlearm)

.debug_info     0x00000000      0x302
 .debug_info    0x00000000      0x19a main.o
 .debug_info    0x0000019a      0x168 startup.o

.debug_abbrev   0x00000000      0x1bf
 .debug_abbrev  0x00000000       0xfd main.o
 .debug_abbrev  0x000000fd       0xc2 startup.o

.debug_loc      0x00000000       0xf4
 .debug_loc     0x00000000       0x90 main.o
 .debug_loc     0x00000090       0x64 startup.o

.debug_aranges  0x00000000       0x40
 .debug_aranges
                0x00000000       0x20 main.o
 .debug_aranges
                0x00000020       0x20 startup.o

.debug_line     0x00000000      0x14d
 .debug_line    0x00000000       0xa1 main.o
 .debug_line    0x000000a1       0xac startup.o

.debug_str      0x00000000      0x1a8
 .debug_str     0x00000000      0x128 main.o
                                0x165 (size before relaxing)
 .debug_str     0x00000128       0x80 startup.o
                                0x17e (size before relaxing)

.comment        0x00000000       0x11
 .comment       0x00000000       0x11 main.o
                                 0x12 (size before relaxing)
 .comment       0x00000000       0x12 startup.o

.ARM.attributes
                0x00000000       0x33
 .ARM.attributes
                0x00000000       0x33 main.o
 .ARM.attributes
                0x00000033       0x33 startup.o

.debug_frame    0x00000000       0xa8
 .debug_frame   0x00000000       0x5c main.o
 .debug_frame   0x0000005c       0x4c startup.o
